<html>
<body>
<pre>
<h1>µVision Build Log</h1>
<h2>Tool Versions:</h2>
IDE-Version: µVision V5.12.0.0
Copyright (C) 2014 ARM Ltd and ARM Germany GmbH. All rights reserved.
License Information: Horace Xia, Theralase Inc, LIC=14HEV-PDYLG-HJR6M-X9KWN-ZLP24-UICS1
 
Tool Versions:
Toolchain:       MDK-ARM Standard  Version: 5.12.0.0
Toolchain Path:  C:\Keil_v5\ARM\ARMCC\Bin
C Compiler:      Armcc.exe V5.05 (build 41)
Assembler:       Armasm.exe V5.05 (build 41)
Linker/Locator:  ArmLink.exe V5.05 (build 41)
Library Manager: ArmAr.exe V5.05 (build 41)
Hex Converter:   FromElf.exe V5.05 (build 41)
CPU DLL:         SARMCM3.DLL V5.12.0.0
Dialog DLL:      DCM.DLL V1.13.0.0
Target DLL:      ULP2CM3.DLL V2.199.0.0
Dialog DLL:      TCM.DLL V1.14.2.0
 
<h2>Project:</h2>
D:\DownTown\Theralase_Projects_R4\theralasetlc2000.v.1.9.35\TheraLaseTLC2000.uvprojx
Project File Date:  08/06/2016

<h2>Output:</h2>
Build target 'TheraLaseTLC2000_debug'
compiling main.c...
compiling hw_config.c...
compiling stm32_it.c...
compiling usb_desc.c...
compiling usb_endp.c...
compiling usb_istr.c...
compiling usb_prop.c...
compiling usb_pwr.c...
compiling misc.c...
compiling system_stm32f10x.c...
assembling startup_stm32f10x_hd.s...
compiling usb_core.c...
compiling usb_init.c...
compiling usb_int.c...
compiling usb_mem.c...
compiling usb_regs.c...
compiling usb_sil.c...
compiling stm32f10x_rcc.c...
compiling stm32f10x_gpio.c...
compiling stm32f10x_exti.c...
compiling stm32f10x_flash.c...
compiling stm32f10x_i2c.c...
compiling stm32f10x_spi.c...
compiling stm32f10x_bkp.c...
compiling stm32f10x_rtc.c...
compiling stm32f10x_pwr.c...
compiling stm32f10x_iwdg.c...
compiling stm32f10x_tim.c...
compiling stm32f10x_adc.c...
compiling stm32f10x_dma.c...
compiling stm32f10x_usart.c...
compiling fnt08x08.c...
compiling stm3210e_TLC2000.c...
compiling RTC.c...
compiling FPGA_RAM.c...
compiling Potentiometer.c...
compiling ADS8319_ADC.c...
compiling MiscTools.c...
compiling Hid_command_process.c...
compiling calibration.c...
compiling TLC2000_SPI_LCD_TFT.c...
compiling fonts.c...
compiling DAC7718.c...
compiling Switch2.c...
compiling tBT.c...
compiling SevenSegNumFontPlus32x50.c...
compiling Buzzer.c...
compiling hallfetica_normal16x16.c...
compiling CPU_ADC.c...
compiling firmwareUpdate.c...
compiling BatSensor.c...
compiling UTFT.c...
compiling theralaseImage320x240.c...
compiling UTFT_DLB.c...
compiling UTFT_DLB_Demo.c...
compiling DejaVuSans18.c...
compiling theralase240x60Flip.c...
compiling Arial12.c...
compiling arial14.c...
compiling arial16.c...
compiling arial15.c...
linking...
Program Size: Code=46276 RO-data=17744 RW-data=700 ZI-data=2684  
FromELF: creating hex file...
".\Bin\Debug\TheraLaseTLC2000_debug.axf" - 0 Error(s), 0 Warning(s).

<h2>Collection of Component include folders:</h2>
  D:\DownTown\Theralase_Projects_R4\theralasetlc2000.v.1.9.35\RTE
  C:\Keil_v5\ARM\PACK\Keil\STM32F1xx_DFP\1.0.5\Device\Include

<h2>Collection of Component Files used:</h2>
</pre>
</body>
</html>
