<html>
<body>
<pre>
<h1>µVision Build Log</h1>
<h2>Tool Versions:</h2>
IDE-Version: µVision V5.12.0.0
Copyright (C) 2014 ARM Ltd and ARM Germany GmbH. All rights reserved.
License Information: Horace Xia, Theralase Inc, LIC=14HEV-PDYLG-HJR6M-X9KWN-ZLP24-UICS1
 
Tool Versions:
Toolchain:       MDK-ARM Standard  Version: 5.12.0.0
Toolchain Path:  C:\Keil_v5\ARM\ARMCC\Bin
C Compiler:      Armcc.exe V5.05 (build 41)
Assembler:       Armasm.exe V5.05 (build 41)
Linker/Locator:  ArmLink.exe V5.05 (build 41)
Library Manager: ArmAr.exe V5.05 (build 41)
Hex Converter:   FromElf.exe V5.05 (build 41)
CPU DLL:         SARMCM3.DLL V5.12.0.0
Dialog DLL:      DCM.DLL V1.13.0.0
Target DLL:      ULP2CM3.DLL V2.199.0.0
Dialog DLL:      TCM.DLL V1.14.2.0
 
<h2>Project:</h2>
D:\DownTown\Theralase_Projects_R4\theralasetlc2000.v.1.9.35\TheraLaseTLC2000.uvprojx
Project File Date:  08/06/2016

<h2>Output:</h2>
Build target 'TheraLaseTLC2000_debug'
compiling Hid_command_process.c...
linking...
Program Size: Code=48816 RO-data=20084 RW-data=716 ZI-data=2692  
FromELF: creating hex file...
".\Bin\Debug\TheraLaseTLC2000_debug.axf" - 0 Error(s), 0 Warning(s).

<h2>Collection of Component include folders:</h2>
  D:\DownTown\Theralase_Projects_R4\theralasetlc2000.v.1.9.35\RTE
  C:\Keil_v5\ARM\PACK\Keil\STM32F1xx_DFP\1.0.5\Device\Include

<h2>Collection of Component Files used:</h2>
tion of Component Files used:</h2>
Bin\Debug\TheraLaseTLC2000_debug.axf" - 0 Error(s), 0 Warning(s).

<h2>Collection of Component include folders:</h2>
  D:\DownTown\Theralase_Projects_R4\theralasetlc2000.v.1.9.35\RTE
  C:\Keil_v5\ARM\PACK\Keil\STM32F1xx_DFP\1.0.5\Device\Include

<h2>Collection of Component Files used:</h2>
B_Demo.c(155): error:  #165: too few arguments in function call
          DisplaySelfCali(2, (REF_VOLT*O_offset[2])/FULL_SCALE);        
src\UTFT_DLB\UTFT_DLB_Demo.c(156): error:  #165: too few arguments in function call
          DisplaySelfCali(3, (REF_VOLT*O_offset[3])/FULL_SCALE);        
src\UTFT_DLB\UTFT_DLB_Demo.c(157): error:  #165: too few arguments in function call
          DisplaySelfCali(4, (REF_VOLT*O_offset[1])/FULL_SCALE);        
src\UTFT_DLB\UTFT_DLB_Demo.c(158): error:  #165: too few arguments in function call
          DisplaySelfCali(5, (REF_VOLT*O_offset[0])/FULL_SCALE);        
src\UTFT_DLB\UTFT_DLB_Demo.c: 0 warnings, 5 errors
".\Bin\Debug\TheraLaseTLC2000_debug.axf" - 6 Error(s), 0 Warning(s).

<h2>Collection of Component include folders:</h2>
  D:\DownTown\Theralase_Projects_R4\theralasetlc2000.v.1.9.35\RTE
  C:\Keil_v5\ARM\PACK\Keil\STM32F1xx_DFP\1.0.5\Device\Include

<h2>Collection of Component Files used:</h2>
Target not created.
 #757: variable "uint8_t" is not a type name
        uint8_t offset;
.\src\UTFT\UTFT.h(99): error:  #757: variable "uint8_t" is not a type name
        uint8_t numchars;
.\src\UTFT\UTFT.h(102): error:  #757: variable "uint8_t" is not a type name
  extern uint8_t         orient;
.\src\UTFT\UTFT.h(103): error:  #757: variable "uint8_t" is not a type name
  extern uint8_t         _transparent;
.\src\UTFT\UTFT.h(110): error:  #757: variable "uint8_t" is not a type name
  void setFont(uint8_t* font);
.\src\UTFT\UTFT.h(123): error:  #757: variable "uint8_t" is not a type name
  void  fillScrRGB(uint8_t r, uint8_t g, uint8_t b);
.\src\UTFT\UTFT.h(123): error:  #757: variable "uint8_t" is not a type name
  void  fillScrRGB(uint8_t r, uint8_t g, uint8_t b);
.\src\UTFT\UTFT.h(123): error:  #757: variable "uint8_t" is not a type name
  void  fillScrRGB(uint8_t r, uint8_t g, uint8_t b);
.\src\UTFT\UTFT.h(125): error:  #757: variable "uint8_t" is not a type name
  void  setColorRGB(uint8_t r, uint8_t g, uint8_t b);
.\src\UTFT\UTFT.h(125): error:  #757: variable "uint8_t" is not a type name
  void  setColorRGB(uint8_t r, uint8_t g, uint8_t b);
.\src\UTFT\UTFT.h(125): error:  #757: variable "uint8_t" is not a type name
  void  setColorRGB(uint8_t r, uint8_t g, uint8_t b);
.\src\UTFT\UTFT.h(128): error:  #757: variable "uint8_t" is not a type name
  void  setBackColorRGB(uint8_t r, uint8_t g, uint8_t b);
.\src\UTFT\UTFT.h(128): error:  #757: variable "uint8_t" is not a type name
  void  setBackColorRGB(uint8_t r, uint8_t g, uint8_t b);
.\src\UTFT\UTFT.h(128): error:  #757: variable "uint8_t" is not a type name
  void  setBackColorRGB(uint8_t r, uint8_t g, uint8_t b);
.\src\UTFT\UTFT.h(133): error:  #757: variable "uint8_t" is not a type name
  void LCD_Write_DATA(uint8_t VH,uint8_t VL);
.\src\UTFT\UTFT.h(133): error:  #757: variable "uint8_t" is not a type name
  void LCD_Write_DATA(uint8_t VH,uint8_t VL);
.\src\UTFT\UTFT.h(136): error:  #757: variable "uint8_t" is not a type name
  void printChar(uint8_t c, int x, int y);
.\src\UTFT\UTFT.h(137): error:  #757: variable "uint8_t" is not a type name
  void rotateChar(uint8_t c, int x, int y, int pos, int deg);
src\main.c: 0 warnings, 30 errors
compiling RTC.c...
.\inc\STM32_TLC2000\Hid_command_process.h(94): error:  #101: "uint8_t" has already been declared in the current scope
  void uint8_t SelfTest_adj(int16_t laser_sel, int16_t adj_value);
.\inc\STM32_TLC2000\Hid_command_process.h(94): error:  #70: incomplete type is not allowed
  void uint8_t SelfTest_adj(int16_t laser_sel, int16_t adj_value);
.\inc\STM32_TLC2000\Hid_command_process.h(94): error:  #65: expected a ";"
  void uint8_t SelfTest_adj(int16_t laser_sel, int16_t adj_value);
.\inc\STM32_TLC2000\calibration.h(67): error:  #757: variable "uint8_t" is not a type name
        uint8_t  p905Feedback_pulse;
.\inc\STM32_TLC2000\calibration.h(68): error:  #757: variable "uint8_t" is not a type name
        uint8_t  p660Feedback_pulse;
.\inc\STM32_TLC2000\calibration.h(75): error:  #757: variable "uint8_t" is not a type name
        uint8_t  BootFlag;
.\inc\STM32_TLC2000\calibration.h(76): error:  #757: variable "uint8_t" is not a type name
        uint8_t  RESV0;
.\inc\STM32_TLC2000\calibration.h(79): error:  #757: variable "uint8_t" is not a type name
        uint8_t  PotAMP2;
.\inc\STM32_TLC2000\calibration.h(80): error:  #757: variable "uint8_t" is not a type name
        uint8_t  mode;//sensitivity;    
.\inc\STM32_TLC2000\calibration.h(92): error:  #757: variable "uint8_t" is not a type name
        uint8_t  flash_byte[sizeof(USER_PROFILE)];    
.\inc\STM32_TLC2000\calibration.h(135): error:  #757: variable "uint8_t" is not a type name
        uint8_t  flash_byte[sizeof(PROBE_OFFSET)];    
.\inc\STM32_TLC2000\calibration.h(187): error:  #757: variable "uint8_t" is not a type name
  uint8_t myFlashWrite(uint8_t *addr, uint8_t *src, uint8_t len);
.\inc\STM32_TLC2000\calibration.h(187): error:  #757: variable "uint8_t" is not a type name
  uint8_t myFlashWrite(uint8_t *addr, uint8_t *src, uint8_t len);
.\inc\STM32_TLC2000\calibration.h(187): error:  #757: variable "uint8_t" is not a type name
  uint8_t myFlashWrite(uint8_t *addr, uint8_t *src, uint8_t len);
.\inc\STM32_TLC2000\calibration.h(187): error:  #757: variable "uint8_t" is not a type name
  uint8_t myFlashWrite(uint8_t *addr, uint8_t *src, uint8_t len);
.\src\UTFT\UTFT.h(95): error:  #757: variable "uint8_t" is not a type name
        uint8_t* font;
.\src\UTFT\UTFT.h(96): error:  #757: variable "uint8_t" is not a type name
        uint8_t x_size;
.\src\UTFT\UTFT.h(97): error:  #757: variable "uint8_t" is not a type name
        uint8_t y_size;
.\src\UTFT\UTFT.h(98): error:  #757: variable "uint8_t" is not a type name
        uint8_t offset;
.\src\UTFT\UTFT.h(99): error:  #757: variable "uint8_t" is not a type name
        uint8_t numchars;
.\src\UTFT\UTFT.h(102): error:  #757: variable "uint8_t" is not a type name
  extern uint8_t         orient;
.\src\UTFT\UTFT.h(103): error:  #757: variable "uint8_t" is not a type name
  extern uint8_t         _transparent;
.\src\UTFT\UTFT.h(110): error:  #757: variable "uint8_t" is not a type name
  void setFont(uint8_t* font);
.\src\UTFT\UTFT.h(123): error:  #757: variable "uint8_t" is not a type name
  void  fillScrRGB(uint8_t r, uint8_t g, uint8_t b);
.\src\UTFT\UTFT.h(123): error:  #757: variable "uint8_t" is not a type name
  void  fillScrRGB(uint8_t r, uint8_t g, uint8_t b);
.\src\UTFT\UTFT.h(123): error:  #757: variable "uint8_t" is not a type name
  void  fillScrRGB(uint8_t r, uint8_t g, uint8_t b);
.\src\UTFT\UTFT.h(125): error:  #757: variable "uint8_t" is not a type name
  void  setColorRGB(uint8_t r, uint8_t g, uint8_t b);
.\src\UTFT\UTFT.h(125): error:  #757: variable "uint8_t" is not a type name
  void  setColorRGB(uint8_t r, uint8_t g, uint8_t b);
.\src\UTFT\UTFT.h(125): error:  #757: variable "uint8_t" is not a type name
  void  setColorRGB(uint8_t r, uint8_t g, uint8_t b);
.\src\UTFT\UTFT.h(128): error:  #757: variable "uint8_t" is not a type name
  void  setBackColorRGB(uint8_t r, uint8_t g, uint8_t b);
src\STM32_TLC2000\RTC.c: 0 warnings, 30 errors
compiling Hid_command_process.c...
.\inc\STM32_TLC2000\Hid_command_process.h(94): error:  #101: "uint8_t" has already been declared in the current scope
  void uint8_t SelfTest_adj(int16_t laser_sel, int16_t adj_value);
.\inc\STM32_TLC2000\Hid_command_process.h(94): error:  #70: incomplete type is not allowed
  void uint8_t SelfTest_adj(int16_t laser_sel, int16_t adj_value);
.\inc\STM32_TLC2000\Hid_command_process.h(94): error:  #65: expected a ";"
  void uint8_t SelfTest_adj(int16_t laser_sel, int16_t adj_value);
.\inc\custom_hid_conf.h(7): error:  #757: variable "uint8_t" is not a type name
  extern uint8_t Receive_Buffer[MAX_TRANSFER_LEN];
.\inc\custom_hid_conf.h(19): error:  #757: variable "uint8_t" is not a type name
  extern __IO uint8_t PrevXferComplete;
KB: Unexpected type: 0
error type>(20): error:  #757: variable "uint8_t" is not a type name
  extern uint8_t recvCharFlag;
.\inc\STM32_TLC2000\RTC.h(11): error:  #757: variable "uint8_t" is not a type name
  extern __IO uint8_t Send_Buffer[];// 2014.10.20
.\inc\STM32_TLC2000\RTC.h(16): error:  #757: variable "uint8_t" is not a type name
  void AdjustTime(uint8_t *dateTime);
.\inc\STM32_TLC2000\FPGA_RAM.h(430): error:  #757: variable "uint8_t" is not a type name
  void Set_cadence_freq_duty(uint8_t select, uint16_t duty_cycle, uint16_t frequency);
.\inc\STM32_TLC2000\Potentiometer.h(164): error:  #757: variable "uint8_t" is not a type name
  extern uint8_t HighTemperatureAlarm;
.\inc\STM32_TLC2000\Potentiometer.h(165): error:  #757: variable "uint8_t" is not a type name
  extern uint8_t HighTemperatureClear;                   // Added by Jason Chen, 2015.07.04
.\inc\STM32_TLC2000\Potentiometer.h(170): error:  #757: variable "uint8_t" is not a type name
  void Enable_Input(uint8_t channel, uint8_t enable_ch);
.\inc\STM32_TLC2000\Potentiometer.h(170): error:  #757: variable "uint8_t" is not a type name
  void Enable_Input(uint8_t channel, uint8_t enable_ch);
.\inc\STM32_TLC2000\Potentiometer.h(179): error:  #757: variable "uint8_t" is not a type name
  uint8_t TempSensorConfig(uint8_t sel, uint8_t value);
.\inc\STM32_TLC2000\Potentiometer.h(179): error:  #757: variable "uint8_t" is not a type name
  uint8_t TempSensorConfig(uint8_t sel, uint8_t value);
.\inc\STM32_TLC2000\Potentiometer.h(179): error:  #757: variable "uint8_t" is not a type name
  uint8_t TempSensorConfig(uint8_t sel, uint8_t value);
.\inc\STM32_TLC2000\Potentiometer.h(180): error:  #757: variable "uint8_t" is not a type name
  uint8_t TempSensorSet(uint8_t sel, uint16_t value);
.\inc\STM32_TLC2000\Potentiometer.h(180): error:  #757: variable "uint8_t" is not a type name
  uint8_t TempSensorSet(uint8_t sel, uint16_t value);
.\inc\STM32_TLC2000\Potentiometer.h(182): error:  #757: variable "uint8_t" is not a type name
  uint16_t ReadTemperature(uint8_t reg_sel);
.\inc\STM32_TLC2000\Potentiometer.h(184): error:  #757: variable "uint8_t" is not a type name
  void Enable_temperature_reading(uint8_t enableReading);           // Added by Jason Chen, 2015.04.09
.\inc\STM32_TLC2000\ADS8319_ADC.h(73): error:  #757: variable "uint8_t" is not a type name
  void ADC_END_GPIO_INTERRUPT_Config(uint8_t conv_mode);
.\inc\STM32_TLC2000\calibration.h(67): error:  #757: variable "uint8_t" is not a type name
        uint8_t  p905Feedback_pulse;
.\inc\STM32_TLC2000\calibration.h(68): error:  #757: variable "uint8_t" is not a type name
        uint8_t  p660Feedback_pulse;
.\inc\STM32_TLC2000\calibration.h(75): error:  #757: variable "uint8_t" is not a type name
        uint8_t  BootFlag;
.\inc\STM32_TLC2000\calibration.h(76): error:  #757: variable "uint8_t" is not a type name
        uint8_t  RESV0;
.\inc\STM32_TLC2000\calibration.h(79): error:  #757: variable "uint8_t" is not a type name
        uint8_t  PotAMP2;
.\inc\STM32_TLC2000\calibration.h(80): error:  #757: variable "uint8_t" is not a type name
        uint8_t  mode;//sensitivity;    
.\inc\STM32_TLC2000\calibration.h(92): error:  #757: variable "uint8_t" is not a type name
        uint8_t  flash_byte[sizeof(USER_PROFILE)];    
.\inc\STM32_TLC2000\calibration.h(135): error:  #757: variable "uint8_t" is not a type name
        uint8_t  flash_byte[sizeof(PROBE_OFFSET)];    
.\inc\STM32_TLC2000\calibration.h(187): error:  #757: variable "uint8_t" is not a type name
  uint8_t myFlashWrite(uint8_t *addr, uint8_t *src, uint8_t len);
src\STM32_TLC2000\Hid_command_process.c: 0 warnings, 30 errors
compiling Switch2.c...
.\inc\STM32_TLC2000\Hid_command_process.h(94): error:  #101: "uint8_t" has already been declared in the current scope
  void uint8_t SelfTest_adj(int16_t laser_sel, int16_t adj_value);
.\inc\STM32_TLC2000\Hid_command_process.h(94): error:  #70: incomplete type is not allowed
  void uint8_t SelfTest_adj(int16_t laser_sel, int16_t adj_value);
.\inc\STM32_TLC2000\Hid_command_process.h(94): error:  #65: expected a ";"
  void uint8_t SelfTest_adj(int16_t laser_sel, int16_t adj_value);
.\inc\STM32_TLC2000\calibration.h(67): error:  #757: variable "uint8_t" is not a type name
        uint8_t  p905Feedback_pulse;
.\inc\STM32_TLC2000\calibration.h(68): error:  #757: variable "uint8_t" is not a type name
        uint8_t  p660Feedback_pulse;
.\inc\STM32_TLC2000\calibration.h(75): error:  #757: variable "uint8_t" is not a type name
        uint8_t  BootFlag;
.\inc\STM32_TLC2000\calibration.h(76): error:  #757: variable "uint8_t" is not a type name
        uint8_t  RESV0;
.\inc\STM32_TLC2000\calibration.h(79): error:  #757: variable "uint8_t" is not a type name
        uint8_t  PotAMP2;
.\inc\STM32_TLC2000\calibration.h(80): error:  #757: variable "uint8_t" is not a type name
        uint8_t  mode;//sensitivity;    
.\inc\STM32_TLC2000\calibration.h(92): error:  #757: variable "uint8_t" is not a type name
        uint8_t  flash_byte[sizeof(USER_PROFILE)];    
.\inc\STM32_TLC2000\calibration.h(135): error:  #757: variable "uint8_t" is not a type name
        uint8_t  flash_byte[sizeof(PROBE_OFFSET)];    
.\inc\STM32_TLC2000\calibration.h(187): error:  #757: variable "uint8_t" is not a type name
  uint8_t myFlashWrite(uint8_t *addr, uint8_t *src, uint8_t len);
.\inc\STM32_TLC2000\calibration.h(187): error:  #757: variable "uint8_t" is not a type name
  uint8_t myFlashWrite(uint8_t *addr, uint8_t *src, uint8_t len);
.\inc\STM32_TLC2000\calibration.h(187): error:  #757: variable "uint8_t" is not a type name
  uint8_t myFlashWrite(uint8_t *addr, uint8_t *src, uint8_t len);
.\inc\STM32_TLC2000\calibration.h(187): error:  #757: variable "uint8_t" is not a type name
  uint8_t myFlashWrite(uint8_t *addr, uint8_t *src, uint8_t len);
.\inc\STM32_TLC2000\CPU_ADC.h(48): error:  #757: variable "uint8_t" is not a type name
        uint8_t report_id;
.\inc\STM32_TLC2000\CPU_ADC.h(49): error:  #757: variable "uint8_t" is not a type name
        uint8_t report_cmd;
.\inc\STM32_TLC2000\CPU_ADC.h(50): error:  #757: variable "uint8_t" is not a type name
        uint8_t validF;
.\inc\STM32_TLC2000\CPU_ADC.h(51): error:  #757: variable "uint8_t" is not a type name
        uint8_t ChannelSelect;
.\inc\STM32_TLC2000\CPU_ADC.h(61): error:  #757: variable "uint8_t" is not a type name
        uint8_t  feedBflash_byte[sizeof(FEEDBACK_BUFFER)];    
.\inc\STM32_TLC2000\CPU_ADC.h(67): error:  #757: variable "uint8_t" is not a type name
        uint8_t report_id;
.\inc\STM32_TLC2000\CPU_ADC.h(68): error:  #757: variable "uint8_t" is not a type name
        uint8_t report_cmd;
.\inc\STM32_TLC2000\CPU_ADC.h(69): error:  #757: variable "uint8_t" is not a type name
        uint8_t laserSelect;
.\inc\STM32_TLC2000\CPU_ADC.h(70): error:  #757: variable "uint8_t" is not a type name
        uint8_t flag_of_end;                  //Changed by Jason Chen, 2016.08.07
.\inc\STM32_TLC2000\CPU_ADC.h(71): error:  #757: variable "uint8_t" is not a type name
        uint8_t SelfTest_count;               //Changed by Jason Chen, 2016.08.07               
.\inc\STM32_TLC2000\CPU_ADC.h(72): error:  #757: variable "uint8_t" is not a type name
        uint8_t validF[9];      
.\inc\STM32_TLC2000\CPU_ADC.h(79): error:  #757: variable "uint8_t" is not a type name
        uint8_t  selfTest_byte[sizeof(SELF_TEST_RECORD)];    
.\inc\STM32_TLC2000\CPU_ADC.h(95): error:  #757: variable "uint8_t" is not a type name
  extern uint8_t displayBuff[];
.\inc\STM32_TLC2000\CPU_ADC.h(101): error:  #757: variable "uint8_t" is not a type name
  extern __IO uint8_t ChannelSelect;
KB: Unexpected type: 0
error type>(32): error:  #757: variable "uint8_t" is not a type name
  __IO uint8_t  stopFlag            = 1;                           // Added by Jason Chen, 2015.10.07
src\STM32_TLC2000\Switch2.c: 0 warnings, 30 errors
compiling tBT.c...
.\inc\STM32_TLC2000\Hid_command_process.h(94): error:  #101: "uint8_t" has already been declared in the current scope
  void uint8_t SelfTest_adj(int16_t laser_sel, int16_t adj_value);
.\inc\STM32_TLC2000\Hid_command_process.h(94): error:  #70: incomplete type is not allowed
  void uint8_t SelfTest_adj(int16_t laser_sel, int16_t adj_value);
.\inc\STM32_TLC2000\Hid_command_process.h(94): error:  #65: expected a ";"
  void uint8_t SelfTest_adj(int16_t laser_sel, int16_t adj_value);
.\inc\custom_hid_conf.h(7): error:  #757: variable "uint8_t" is not a type name
  extern uint8_t Receive_Buffer[MAX_TRANSFER_LEN];
.\inc\custom_hid_conf.h(19): error:  #757: variable "uint8_t" is not a type name
  extern __IO uint8_t PrevXferComplete;
KB: Unexpected type: 0
error type>(20): error:  #757: variable "uint8_t" is not a type name
  extern uint8_t recvCharFlag;
.\inc\STM32_TLC2000\RTC.h(11): error:  #757: variable "uint8_t" is not a type name
  extern __IO uint8_t Send_Buffer[];// 2014.10.20
.\inc\STM32_TLC2000\RTC.h(16): error:  #757: variable "uint8_t" is not a type name
  void AdjustTime(uint8_t *dateTime);
.\inc\STM32_TLC2000\CPU_ADC.h(48): error:  #757: variable "uint8_t" is not a type name
        uint8_t report_id;
.\inc\STM32_TLC2000\CPU_ADC.h(49): error:  #757: variable "uint8_t" is not a type name
        uint8_t report_cmd;
.\inc\STM32_TLC2000\CPU_ADC.h(50): error:  #757: variable "uint8_t" is not a type name
        uint8_t validF;
.\inc\STM32_TLC2000\CPU_ADC.h(51): error:  #757: variable "uint8_t" is not a type name
        uint8_t ChannelSelect;
.\inc\STM32_TLC2000\CPU_ADC.h(61): error:  #757: variable "uint8_t" is not a type name
        uint8_t  feedBflash_byte[sizeof(FEEDBACK_BUFFER)];    
.\inc\STM32_TLC2000\CPU_ADC.h(67): error:  #757: variable "uint8_t" is not a type name
        uint8_t report_id;
.\inc\STM32_TLC2000\CPU_ADC.h(68): error:  #757: variable "uint8_t" is not a type name
        uint8_t report_cmd;
.\inc\STM32_TLC2000\CPU_ADC.h(69): error:  #757: variable "uint8_t" is not a type name
        uint8_t laserSelect;
.\inc\STM32_TLC2000\CPU_ADC.h(70): error:  #757: variable "uint8_t" is not a type name
        uint8_t flag_of_end;                  //Changed by Jason Chen, 2016.08.07
.\inc\STM32_TLC2000\CPU_ADC.h(71): error:  #757: variable "uint8_t" is not a type name
        uint8_t SelfTest_count;               //Changed by Jason Chen, 2016.08.07               
.\inc\STM32_TLC2000\CPU_ADC.h(72): error:  #757: variable "uint8_t" is not a type name
        uint8_t validF[9];      
.\inc\STM32_TLC2000\CPU_ADC.h(79): error:  #757: variable "uint8_t" is not a type name
        uint8_t  selfTest_byte[sizeof(SELF_TEST_RECORD)];    
.\inc\STM32_TLC2000\CPU_ADC.h(95): error:  #757: variable "uint8_t" is not a type name
  extern uint8_t displayBuff[];
.\inc\STM32_TLC2000\CPU_ADC.h(101): error:  #757: variable "uint8_t" is not a type name
  extern __IO uint8_t ChannelSelect;
KB: Unexpected type: 0
error type>(430): error:  #757: variable "uint8_t" is not a type name
  void Set_cadence_freq_duty(uint8_t select, uint16_t duty_cycle, uint16_t frequency);
.\inc\STM32_TLC2000\Potentiometer.h(164): error:  #757: variable "uint8_t" is not a type name
  extern uint8_t HighTemperatureAlarm;
.\inc\STM32_TLC2000\Potentiometer.h(165): error:  #757: variable "uint8_t" is not a type name
  extern uint8_t HighTemperatureClear;                   // Added by Jason Chen, 2015.07.04
.\inc\STM32_TLC2000\Potentiometer.h(170): error:  #757: variable "uint8_t" is not a type name
  void Enable_Input(uint8_t channel, uint8_t enable_ch);
.\inc\STM32_TLC2000\Potentiometer.h(170): error:  #757: variable "uint8_t" is not a type name
  void Enable_Input(uint8_t channel, uint8_t enable_ch);
.\inc\STM32_TLC2000\Potentiometer.h(179): error:  #757: variable "uint8_t" is not a type name
  uint8_t TempSensorConfig(uint8_t sel, uint8_t value);
.\inc\STM32_TLC2000\Potentiometer.h(179): error:  #757: variable "uint8_t" is not a type name
  uint8_t TempSensorConfig(uint8_t sel, uint8_t value);
.\inc\STM32_TLC2000\Potentiometer.h(179): error:  #757: variable "uint8_t" is not a type name
  uint8_t TempSensorConfig(uint8_t sel, uint8_t value);
src\STM32_TLC2000\tBT.c: 0 warnings, 30 errors
compiling CPU_ADC.c...
.\inc\STM32_TLC2000\Hid_command_process.h(94): error:  #101: "uint8_t" has already been declared in the current scope
  void uint8_t SelfTest_adj(int16_t laser_sel, int16_t adj_value);
.\inc\STM32_TLC2000\Hid_command_process.h(94): error:  #70: incomplete type is not allowed
  void uint8_t SelfTest_adj(int16_t laser_sel, int16_t adj_value);
.\inc\STM32_TLC2000\Hid_command_process.h(94): error:  #65: expected a ";"
  void uint8_t SelfTest_adj(int16_t laser_sel, int16_t adj_value);
.\inc\custom_hid_conf.h(7): error:  #757: variable "uint8_t" is not a type name
  extern uint8_t Receive_Buffer[MAX_TRANSFER_LEN];
.\inc\custom_hid_conf.h(19): error:  #757: variable "uint8_t" is not a type name
  extern __IO uint8_t PrevXferComplete;
KB: Unexpected type: 0
error type>(20): error:  #757: variable "uint8_t" is not a type name
  extern uint8_t recvCharFlag;
.\Libraries\USB-FS-Device_Driver\inc\usb_regs.h(609): error:  #151: a typedef name may not be redeclared as a parameter
  void SetENDPOINT(uint8_t /*bEpNum*/, uint16_t /*wRegValue*/);
.\Libraries\USB-FS-Device_Driver\inc\usb_regs.h(609): error:  #92: identifier-list parameters may only be used in a function definition
  void SetENDPOINT(uint8_t /*bEpNum*/, uint16_t /*wRegValue*/);
.\Libraries\USB-FS-Device_Driver\inc\usb_regs.h(610): error:  #92: identifier-list parameters may only be used in a function definition
  uint16_t GetENDPOINT(uint8_t /*bEpNum*/);
.\Libraries\USB-FS-Device_Driver\inc\usb_regs.h(611): error:  #151: a typedef name may not be redeclared as a parameter
  void SetEPType(uint8_t /*bEpNum*/, uint16_t /*wType*/);
.\Libraries\USB-FS-Device_Driver\inc\usb_regs.h(611): error:  #92: identifier-list parameters may only be used in a function definition
  void SetEPType(uint8_t /*bEpNum*/, uint16_t /*wType*/);
.\Libraries\USB-FS-Device_Driver\inc\usb_regs.h(612): error:  #92: identifier-list parameters may only be used in a function definition
  uint16_t GetEPType(uint8_t /*bEpNum*/);
.\Libraries\USB-FS-Device_Driver\inc\usb_regs.h(613): error:  #151: a typedef name may not be redeclared as a parameter
  void SetEPTxStatus(uint8_t /*bEpNum*/, uint16_t /*wState*/);
.\Libraries\USB-FS-Device_Driver\inc\usb_regs.h(613): error:  #92: identifier-list parameters may only be used in a function definition
  void SetEPTxStatus(uint8_t /*bEpNum*/, uint16_t /*wState*/);
.\Libraries\USB-FS-Device_Driver\inc\usb_regs.h(614): error:  #151: a typedef name may not be redeclared as a parameter
  void SetEPRxStatus(uint8_t /*bEpNum*/, uint16_t /*wState*/);
.\Libraries\USB-FS-Device_Driver\inc\usb_regs.h(614): error:  #92: identifier-list parameters may only be used in a function definition
  void SetEPRxStatus(uint8_t /*bEpNum*/, uint16_t /*wState*/);
.\Libraries\USB-FS-Device_Driver\inc\usb_regs.h(615): error:  #100: duplicate parameter name
  void SetDouBleBuffEPStall(uint8_t /*bEpNum*/, uint8_t bDir);
.\Libraries\USB-FS-Device_Driver\inc\usb_regs.h(615): error:  #18: expected a ")"
  void SetDouBleBuffEPStall(uint8_t /*bEpNum*/, uint8_t bDir);
.\Libraries\USB-FS-Device_Driver\inc\usb_regs.h(615): error:  #92: identifier-list parameters may only be used in a function definition
  void SetDouBleBuffEPStall(uint8_t /*bEpNum*/, uint8_t bDir);
.\Libraries\USB-FS-Device_Driver\inc\usb_regs.h(616): error:  #92: identifier-list parameters may only be used in a function definition
  uint16_t GetEPTxStatus(uint8_t /*bEpNum*/);
.\Libraries\USB-FS-Device_Driver\inc\usb_regs.h(617): error:  #92: identifier-list parameters may only be used in a function definition
  uint16_t GetEPRxStatus(uint8_t /*bEpNum*/);
.\Libraries\USB-FS-Device_Driver\inc\usb_regs.h(618): error:  #92: identifier-list parameters may only be used in a function definition
  void SetEPTxValid(uint8_t /*bEpNum*/);
.\Libraries\USB-FS-Device_Driver\inc\usb_regs.h(619): error:  #92: identifier-list parameters may only be used in a function definition
  void SetEPRxValid(uint8_t /*bEpNum*/);
.\Libraries\USB-FS-Device_Driver\inc\usb_regs.h(620): error:  #92: identifier-list parameters may only be used in a function definition
  uint16_t GetTxStallStatus(uint8_t /*bEpNum*/);
.\Libraries\USB-FS-Device_Driver\inc\usb_regs.h(621): error:  #92: identifier-list parameters may only be used in a function definition
  uint16_t GetRxStallStatus(uint8_t /*bEpNum*/);
.\Libraries\USB-FS-Device_Driver\inc\usb_regs.h(622): error:  #92: identifier-list parameters may only be used in a function definition
  void SetEP_KIND(uint8_t /*bEpNum*/);
.\Libraries\USB-FS-Device_Driver\inc\usb_regs.h(623): error:  #92: identifier-list parameters may only be used in a function definition
  void ClearEP_KIND(uint8_t /*bEpNum*/);
.\Libraries\USB-FS-Device_Driver\inc\usb_regs.h(624): error:  #92: identifier-list parameters may only be used in a function definition
  void Set_Status_Out(uint8_t /*bEpNum*/);
.\Libraries\USB-FS-Device_Driver\inc\usb_regs.h(625): error:  #92: identifier-list parameters may only be used in a function definition
  void Clear_Status_Out(uint8_t /*bEpNum*/);
.\Libraries\USB-FS-Device_Driver\inc\usb_regs.h(626): error:  #92: identifier-list parameters may only be used in a function definition
  void SetEPDoubleBuff(uint8_t /*bEpNum*/);
src\STM32_TLC2000\CPU_ADC.c: 0 warnings, 30 errors
".\Bin\Debug\TheraLaseTLC2000_debug.axf" - 180 Error(s), 0 Warning(s).

<h2>Collection of Component include folders:</h2>
  D:\DownTown\Theralase_Projects_R4\theralasetlc2000.v.1.9.35\RTE
  C:\Keil_v5\ARM\PACK\Keil\STM32F1xx_DFP\1.0.5\Device\Include

<h2>Collection of Component Files used:</h2>
Target not created.
